librispeech-dev-clean:2277 100 film_check 4.76837158203125e-07
librispeech-dev-clean:6319 102 film_check 7.152557373046875e-07
librispeech-dev-clean:84 102 film_check 7.152557373046875e-07
librispeech-dev-clean:2035 110 film_check 4.76837158203125e-07
librispeech-dev-clean:251 114 film_check 4.76837158203125e-07
librispeech-dev-clean:8297 117 film_check 4.76837158203125e-07
librispeech-dev-clean:2078 121 film_check 4.76837158203125e-07
librispeech-dev-clean:1272 119 film_check 4.76837158203125e-07
vctk-0.92:p339 86 film_check 7.152557373046875e-07
vctk-0.92:p361 84 film_check 4.76837158203125e-07
vctk-0.92:p285 76 film_check 4.76837158203125e-07
vctk-0.92:p299 91 film_check 4.76837158203125e-07
vctk-0.92:p288 80 film_check 4.76837158203125e-07
vctk-0.92:p280 85 film_check 9.5367431640625e-07
vctk-0.92:p329 87 film_check 4.76837158203125e-07
vctk-0.92:p302 88 film_check 1.430511474609375e-06
cml-tts-pt:6549 116 film_check 7.152557373046875e-07
cml-tts-pt:4067 128 film_check 3.5762786865234375e-07
cml-tts-pt:6566 119 film_check 4.76837158203125e-07
cml-tts-pt:12707 132 film_check 4.76837158203125e-07
cml-tts-pt:13069 106 film_check 5.960464477539062e-07
cml-tts-pt:5417 106 film_check 4.76837158203125e-07
cml-tts-pt:11995 110 film_check 4.76837158203125e-07
cml-tts-pt:12710 109 film_check 3.5762786865234375e-07
